// Vitest Snapshot v1, https://vitest.dev/guide/snapshot.html

exports[`Spotify Embed > should match snapshot (URI) 1`] = `
<iframe
  allow="autoplay; transparency; clipboard-write; encrypted-media; fullscreen; picture-in-picture"
  aria-label="spotify-embed"
  height="380"
  src="https://open.spotify.com/embed/track/5mslcDXYQbmOFL6s031NvN?theme=1"
  theme="light"
  width="300"
/>
`;

exports[`Spotify Embed > should match snapshot (URL) 1`] = `
<iframe
  allow="autoplay; transparency; clipboard-write; encrypted-media; fullscreen; picture-in-picture"
  aria-label="spotify-embed"
  height="380"
  src="https://open.spotify.com/embed/track/5mslcDXYQbmOFL6s031NvN?theme=1"
  theme="light"
  width="300"
/>
`;
